
==================================== ERRORS ====================================
____________ ERROR collecting tests/application/test_sync_report.py ____________
ImportError while importing test module '/app/tests/application/test_sync_report.py'.
Hint: make sure your test modules/packages have valid Python names.
Traceback:
/usr/local/lib/python3.12/importlib/__init__.py:90: in import_module
    return _bootstrap._gcd_import(name[level:], package, level)
           ^^^^^^^^^^^^^^^^^^^^^^^^^^^^^^^^^^^^^^^^^^^^^^^^^^^^
tests/application/test_sync_report.py:6: in <module>
    from app.application.use_cases.reports.sync_report import (
E   ImportError: cannot import name 'ConcurrencyError' from 'app.application.use_cases.reports.sync_report' (/app/app/application/use_cases/reports/sync_report.py)
_________ ERROR collecting tests/integration/test_multi_tenant_api.py __________
ImportError while importing test module '/app/tests/integration/test_multi_tenant_api.py'.
Hint: make sure your test modules/packages have valid Python names.
Traceback:
/usr/local/lib/python3.12/importlib/__init__.py:90: in import_module
    return _bootstrap._gcd_import(name[level:], package, level)
           ^^^^^^^^^^^^^^^^^^^^^^^^^^^^^^^^^^^^^^^^^^^^^^^^^^^^
tests/integration/test_multi_tenant_api.py:9: in <module>
    from app.main import app
app/main.py:18: in <module>
    from app.interfaces.routers import students, schools, photos, reports, auth, users, dashboard
app/interfaces/routers/dashboard.py:9: in <module>
    from app.domain.entities.student import Student
E   ModuleNotFoundError: No module named 'app.domain.entities.student'
___________ ERROR collecting tests/integration/test_students_api.py ____________
ImportError while importing test module '/app/tests/integration/test_students_api.py'.
Hint: make sure your test modules/packages have valid Python names.
Traceback:
/usr/local/lib/python3.12/importlib/__init__.py:90: in import_module
    return _bootstrap._gcd_import(name[level:], package, level)
           ^^^^^^^^^^^^^^^^^^^^^^^^^^^^^^^^^^^^^^^^^^^^^^^^^^^^
tests/integration/test_students_api.py:9: in <module>
    from app.main import app
app/main.py:18: in <module>
    from app.interfaces.routers import students, schools, photos, reports, auth, users, dashboard
app/interfaces/routers/dashboard.py:9: in <module>
    from app.domain.entities.student import Student
E   ModuleNotFoundError: No module named 'app.domain.entities.student'
=============================== warnings summary ===============================
../usr/local/lib/python3.12/site-packages/sqlmodel/main.py:583
  /usr/local/lib/python3.12/site-packages/sqlmodel/main.py:583: PydanticDeprecatedSince20: Support for class-based `config` is deprecated, use ConfigDict instead. Deprecated in Pydantic V2.0 to be removed in V3.0. See Pydantic V2 Migration Guide at https://errors.pydantic.dev/2.12/migration/
    "SQLModel", super().__new__(cls, name, bases, dict_used, **config_kwargs)

-- Docs: https://docs.pytest.org/en/stable/how-to/capture-warnings.html
=========================== short test summary info ============================
ERROR tests/application/test_sync_report.py
ERROR tests/integration/test_multi_tenant_api.py
ERROR tests/integration/test_students_api.py
!!!!!!!!!!!!!!!!!!! Interrupted: 3 errors during collection !!!!!!!!!!!!!!!!!!!!
1 warning, 3 errors in 4.90s
